[www.capitalreturnsinc.com/index.html]
[backblue.gif]
[fade.gif]
[index.html]
[www.capitalreturnsinc.com/feed.0.delayed]
[www.capitalreturnsinc.com/comments/feed.1.delayed]
[www.capitalreturnsinc.com/wp-content/plugins/user-registration/assets/css/sweetalert2/sweetalert2.min782a782a.css]
[www.capitalreturnsinc.com/wp-content/plugins/user-registration/assets/css/user-registration5f005f00.css]
[www.capitalreturnsinc.com/wp-content/plugins/user-registration/assets/css/my-account-layout5f005f00.css]
[www.capitalreturnsinc.com/wp-includes/css/dashicons.min56975697.css]
[www.capitalreturnsinc.com/wp-includes/css/dist/block-library/style.min56975697.css]
[www.capitalreturnsinc.com/wp-includes/css/dist/block-library/theme.min56975697.css]
[www.capitalreturnsinc.com/wp-content/plugins/woocommerce/packages/woocommerce-blocks/build/vendors-style6b006b00.css]
[www.capitalreturnsinc.com/wp-content/plugins/woocommerce/packages/woocommerce-blocks/build/style6b006b00.css]
[www.capitalreturnsinc.com/wp-content/plugins/addon-elements-for-elementor-page-builder/assets/css/eae.min56975697.css]
[www.capitalreturnsinc.com/wp-content/plugins/elementor/assets/lib/font-awesome/css/v4-shims.min56975697.css]
[www.capitalreturnsinc.com/wp-content/plugins/elementor/assets/lib/font-awesome/css/all.min56975697.css]
[www.capitalreturnsinc.com/wp-content/plugins/addon-elements-for-elementor-page-builder/assets/lib/vegas/vegas.min56975697.css]
[www.capitalreturnsinc.com/wp-content/plugins/contact-form-7/includes/css/stylesbb49bb49.css]
[www.capitalreturnsinc.com/wp-content/plugins/premium-cryptocurrency-widgets/assets/css/style18bb18bb.css]
[www.capitalreturnsinc.com/wp-content/plugins/revslider/public/assets/css/rs6f731f731.css]
[www.capitalreturnsinc.com/wp-content/themes/oceanwp/assets/fonts/fontawesome/css/all.minaec5aec5.css]
[www.capitalreturnsinc.com/wp-content/themes/oceanwp/assets/css/third/simple-line-icons.min8d5a8d5a.css]
[www.capitalreturnsinc.com/wp-content/themes/oceanwp/assets/css/third/magnific-popup.min8a548a54.css]
[www.capitalreturnsinc.com/wp-content/themes/oceanwp/assets/css/third/slick.minaff7aff7.css]
[www.capitalreturnsinc.com/wp-content/themes/oceanwp/assets/css/style.min45114511.css]
[www.capitalreturnsinc.com/wp-content/themes/oceanwp/assets/css/woo/woo-mini-cart.min56975697.css]
[www.capitalreturnsinc.com/wp-content/themes/oceanwp/assets/css/woo/woocommerce.min56975697.css]
[www.capitalreturnsinc.com/wp-content/themes/oceanwp/assets/css/woo/woo-star-font.min56975697.css]
[www.capitalreturnsinc.com/wp-content/themes/oceanwp/assets/css/woo/woo-quick-view.min56975697.css]
[www.capitalreturnsinc.com/wp-content/plugins/elementor/assets/lib/eicons/css/elementor-icons.min87e887e8.css]
[www.capitalreturnsinc.com/wp-content/plugins/elementor/assets/lib/animations/animations.min7c537c53.css]
[www.capitalreturnsinc.com/wp-content/plugins/elementor/assets/css/frontend.min7c537c53.css]
[www.capitalreturnsinc.com/wp-content/plugins/elementor-pro/assets/css/frontend.mineed8eed8.css]
[www.capitalreturnsinc.com/wp-content/plugins/elementor-extras/assets/lib/nicons/css/nicons5bf85bf8.css]
[www.capitalreturnsinc.com/wp-content/plugins/elementor-extras/assets/css/frontend.min5bf85bf8.css]
[www.capitalreturnsinc.com/wp-content/uploads/elementor/css/globald12ad12a.css]
[www.capitalreturnsinc.com/wp-content/uploads/elementor/css/post-839593959.css]
[www.capitalreturnsinc.com/wp-content/plugins/ocean-extra/assets/css/widgets56975697.css]
[www.capitalreturnsinc.com/wp-content/plugins/elementor/assets/lib/font-awesome/css/fontawesome.minb683b683.css]
[www.capitalreturnsinc.com/wp-includes/js/jquery/jquery4a5f4a5f.js]
[www.capitalreturnsinc.com/wp-content/plugins/elementor/assets/lib/font-awesome/js/v4-shims.min56975697.js]
[www.capitalreturnsinc.com/wp-content/plugins/revslider/public/assets/js/rbtools.minf049f049.js]
[www.capitalreturnsinc.com/wp-content/plugins/revslider/public/assets/js/rs6.minf731f731.js]
[www.capitalreturnsinc.com/wp-json/index.html]
[www.capitalreturnsinc.com/wp-json/wp/v2/pages/8.json]
[www.capitalreturnsinc.com/xmlrpc0db0.300db0.delayed]
[www.capitalreturnsinc.com/wp-includes/wlwmanifest.xml]
[www.capitalreturnsinc.com/wp-json/oembed/1.0/embedfa1efa1e.json]
[www.capitalreturnsinc.com/wp-json/oembed/1.0/embedd7e3d7e3]
[www.capitalreturnsinc.com/wp-content/uploads/2020/09/cropped-profitcoin-icon-1-32x32.png]
[www.capitalreturnsinc.com/wp-content/uploads/2020/09/cropped-profitcoin-icon-1-192x192.png]
[www.capitalreturnsinc.com/wp-content/uploads/2020/09/cropped-profitcoin-icon-1-180x180.png]
[www.capitalreturnsinc.com/wp-content/uploads/2020/09/profitcoin.png]
[www.capitalreturnsinc.com/wp-content/plugins/gtranslate/switcher.png]
[www.capitalreturnsinc.com/wp-content/plugins/gtranslate/arrow_down.png]
[www.capitalreturnsinc.com/wp-content/plugins/gtranslate/arrow_up.png]
[www.capitalreturnsinc.com/wp-content/plugins/gtranslate/flags/16/en.png]
[www.capitalreturnsinc.com/translate.google.com/translate_a/element78767876.html]
[www.capitalreturnsinc.com/index-2.html]
[www.capitalreturnsinc.com/wp-content/plugins/cryptocurrency-price-ticker-widget/assets/coin-logos/bitcoin.svg]
[www.capitalreturnsinc.com/wp-content/plugins/cryptocurrency-price-ticker-widget/assets/coin-logos/ethereum.svg]
[www.capitalreturnsinc.com/assets.coingecko.com/coins/images/825/large/binance-coin-logoe5ece5ec.png]
[www.capitalreturnsinc.com/wp-content/plugins/cryptocurrency-price-ticker-widget/assets/coin-logos/tether.svg]
[www.capitalreturnsinc.com/wp-content/plugins/cryptocurrency-price-ticker-widget/assets/coin-logos/cardano.svg]
[www.capitalreturnsinc.com/assets.coingecko.com/coins/images/12171/large/aJGBjJFU_400x4000b230b23.jpg]
[www.capitalreturnsinc.com/assets.coingecko.com/coins/images/12504/large/uniswap-unibf13bf13.png]
[www.capitalreturnsinc.com/wp-content/plugins/cryptocurrency-price-ticker-widget/assets/coin-logos/filecoin.png]
[www.capitalreturnsinc.com/assets.coingecko.com/coins/images/13876/large/JASMY200x200b260b260.jpg]
[www.capitalreturnsinc.com/wp-content/uploads/2020/09/bitcoin-photo.png]
[www.capitalreturnsinc.com/wp-content/uploads/2020/09/coin.png]
[www.capitalreturnsinc.com/wp-content/uploads/2020/09/02.jpg]
[www.capitalreturnsinc.com/wp-content/uploads/2020/10/orange.png]
[www.capitalreturnsinc.com/wp-content/uploads/2020/10/features-8.png]
[www.capitalreturnsinc.com/wp-content/uploads/2020/10/features-2.png]
[www.capitalreturnsinc.com/wp-content/uploads/2020/10/features-1.png]
[www.capitalreturnsinc.com/wp-content/uploads/2020/10/features-3.png]
[www.capitalreturnsinc.com/wp-content/plugins/revslider/public/assets/assets/transparent.png]
[www.capitalreturnsinc.com/wp-content/uploads/2020/10/105496652-1539107947284gettyimages-917296340.jpg]
[www.capitalreturnsinc.com/wp-content/uploads/2020/09/profitcoin-icon-1.png]
[www.capitalreturnsinc.com/wp-content/uploads/2020/10/elliptical-bottom-1.png]
[www.capitalreturnsinc.com/wp-content/uploads/2020/10/elliptical-top-1.png]
[www.capitalreturnsinc.com/wp-content/uploads/2020/10/Corporate-Portraits-by-Brandon-Barnard-Photographer-813x1024.jpg]
[www.capitalreturnsinc.com/wp-content/uploads/2020/10/Darren-Headshots8.jpg]
[www.capitalreturnsinc.com/wp-content/uploads/2020/10/slider1.jpg]
[www.capitalreturnsinc.com/wp-content/uploads/2020/10/slider3.jpg]
[www.capitalreturnsinc.com/wp-content/uploads/2020/10/small-team2-1.jpg]
[www.capitalreturnsinc.com/wp-content/uploads/2020/10/small-team6-1.jpg]
[www.capitalreturnsinc.com/wp-content/uploads/2020/10/small-team3-1.jpg]
[www.capitalreturnsinc.com/wp-content/uploads/2020/10/small-team4-1.jpg]
[www.capitalreturnsinc.com/wp-content/uploads/2020/10/small-team1-1.jpg]
[www.capitalreturnsinc.com/wp-content/uploads/2020/10/small-team7-1.jpg]
[www.capitalreturnsinc.com/wp-content/uploads/2020/10/small-team5-1.jpg]
[www.capitalreturnsinc.com/wp-content/uploads/2020/10/cointelegraph-1-300x68.png]
[www.capitalreturnsinc.com/wp-content/uploads/2020/10/ezgif.com-webp-to-png-1-1-300x62.png]
[www.capitalreturnsinc.com/wp-content/uploads/2020/10/ezgif.com-webp-to-png-2-1-300x56.png]
[www.capitalreturnsinc.com/wp-content/uploads/2020/10/ezgif.com-webp-to-png-3-1-300x60.png]
[www.capitalreturnsinc.com/wp-content/uploads/2020/10/ezgif.com-webp-to-png-4-1-300x74.png]
[www.capitalreturnsinc.com/wp-content/uploads/2020/10/ezgif.com-webp-to-png-5-1.png]
[www.capitalreturnsinc.com/wp-content/uploads/2020/10/ezgif.com-webp-to-png-6-1-300x58.png]
[www.capitalreturnsinc.com/wp-content/uploads/2020/10/ezgif.com-webp-to-png-7-1-300x39.png]
[www.capitalreturnsinc.com/wp-content/uploads/2020/10/ezgif.com-webp-to-png-8-1.png]
[www.capitalreturnsinc.com/wp-content/uploads/2020/10/ezgif.com-webp-to-png-9-1-300x46.png]
[www.capitalreturnsinc.com/wp-content/uploads/2020/10/ezgif.com-webp-to-png-10-1.png]
[www.capitalreturnsinc.com/wp-content/uploads/2020/10/ezgif.com-webp-to-png-11-1-300x27.png]
[www.capitalreturnsinc.com/wp-content/uploads/2020/10/ezgif.com-webp-to-png-12-1.png]
[www.capitalreturnsinc.com/wp-content/uploads/2020/10/ezgif.com-webp-to-png-13-1-300x59.png]
[www.capitalreturnsinc.com/wp-content/uploads/2020/10/ezgif.com-webp-to-png-14-1.png]
[www.capitalreturnsinc.com/wp-content/uploads/2020/10/ezgif.com-webp-to-png-15.png]
[www.capitalreturnsinc.com/wp-content/uploads/2020/10/inside-bitcoins-1.png]
[www.capitalreturnsinc.com/wp-content/uploads/2020/10/voa-1.png]
[www.capitalreturnsinc.com/cdn-cgi/scripts/5c5dd728/cloudflare-static/email-decode.min.js]
[www.capitalreturnsinc.com/wp-content/plugins/cryptocurrency-price-ticker-widget/assets/css/bootstrap.min56975697.css]
[www.capitalreturnsinc.com/wp-content/plugins/cryptocurrency-price-ticker-widget/assets/css/ccpw-icons56975697.css]
[www.capitalreturnsinc.com/wp-content/plugins/cryptocurrency-price-ticker-widget/assets/css/ccpw-styles.css]
[www.capitalreturnsinc.com/wp-content/plugins/premium-addons-for-elementor/assets/frontend/min-css/premium-addons.mineeb3eeb3.css]
[www.capitalreturnsinc.com/wp-content/plugins/addon-elements-for-elementor-page-builder/assets/js/eae.min51525152.js]
[www.capitalreturnsinc.com/wp-includes/js/imagesloaded.mineda1eda1.js]
[www.capitalreturnsinc.com/wp-includes/js/masonry.min3a053a05.js]
[www.capitalreturnsinc.com/wp-content/plugins/addon-elements-for-elementor-page-builder/assets/js/animated-main.min51525152.js]
[www.capitalreturnsinc.com/wp-content/plugins/addon-elements-for-elementor-page-builder/assets/js/particles.min51525152.js]
[www.capitalreturnsinc.com/wp-content/plugins/addon-elements-for-elementor-page-builder/assets/lib/magnific.min3aa83aa8.js]
[www.capitalreturnsinc.com/wp-content/plugins/addon-elements-for-elementor-page-builder/assets/lib/vegas/vegas.min8d5a8d5a.js]
[www.capitalreturnsinc.com/wp-content/plugins/addon-elements-for-elementor-page-builder/assets/lib/swiper/js/swiper.min4f244f24.js]
[www.capitalreturnsinc.com/wp-content/plugins/addon-elements-for-elementor-page-builder/assets/lib/isotope/isotope.pkgd.min61da61da.js]
[www.capitalreturnsinc.com/wp-content/plugins/addon-elements-for-elementor-page-builder/assets/lib/tilt/tilt.jquery.min56975697.js]
[www.capitalreturnsinc.com/wp-content/plugins/contact-form-7/includes/js/scriptsbb49bb49.js]
[www.capitalreturnsinc.com/wp-content/plugins/premium-cryptocurrency-widgets/assets/js/dist/app18bb18bb.js]
[www.capitalreturnsinc.com/wp-content/plugins/woocommerce/assets/js/jquery-blockui/jquery.blockUI.min44fd44fd.js]
[www.capitalreturnsinc.com/wp-content/plugins/woocommerce/assets/js/frontend/add-to-cart.min89df89df.js]
[www.capitalreturnsinc.com/wp-content/plugins/woocommerce/assets/js/js-cookie/js.cookie.min6b256b25.js]
[www.capitalreturnsinc.com/wp-content/plugins/woocommerce/assets/js/frontend/woocommerce.min89df89df.js]
[www.capitalreturnsinc.com/wp-content/plugins/woocommerce/assets/js/frontend/cart-fragments.min89df89df.js]
[www.capitalreturnsinc.com/wp-content/themes/oceanwp/assets/js/third/woo/woo-scripts.min45114511.js]
[www.capitalreturnsinc.com/wp-content/plugins/elementor-extras/assets/lib/magnific-popup/js/magnific-popup.minf488f488.js]
[www.capitalreturnsinc.com/wp-content/themes/oceanwp/assets/js/third/lightbox.min45114511.js]
[www.capitalreturnsinc.com/wp-content/themes/oceanwp/assets/js/main.min45114511.js]
[www.capitalreturnsinc.com/wp-content/themes/oceanwp/assets/js/third/woo/woo-quick-view.min45114511.js]
[www.capitalreturnsinc.com/wp-includes/js/underscore.min45114511.js]
[www.capitalreturnsinc.com/wp-includes/js/wp-util.min56975697.js]
[www.capitalreturnsinc.com/wp-content/plugins/woocommerce/assets/js/frontend/add-to-cart-variation.min89df89df.js]
[www.capitalreturnsinc.com/wp-content/plugins/woocommerce/assets/js/flexslider/jquery.flexslider.mineed8eed8.js]
[www.capitalreturnsinc.com/wp-content/themes/oceanwp/assets/js/third/woo/woo-mini-cart.min45114511.js]
[www.capitalreturnsinc.com/wp-includes/js/wp-embed.min56975697.js]
[www.capitalreturnsinc.com/cdn.jsdelivr.net/bxslider/4.2.12/jquery.bxslider.js]
[www.capitalreturnsinc.com/wp-content/plugins/elementor/assets/lib/waypoints/waypoints.min05da05da.js]
[www.capitalreturnsinc.com/wp-content/plugins/premium-addons-for-elementor/assets/frontend/min-js/lottie.mineeb3eeb3.js]
[www.capitalreturnsinc.com/wp-content/plugins/premium-addons-for-elementor/assets/frontend/min-js/premium-addons.mineeb3eeb3.js]
[www.capitalreturnsinc.com/wp-content/uploads/essential-addons-elementor/cb70d11b8.minad81ad81.js]
[www.capitalreturnsinc.com/wp-content/plugins/elementor/assets/js/frontend-modules.min7c537c53.js]
[www.capitalreturnsinc.com/wp-content/plugins/elementor-pro/assets/lib/sticky/jquery.sticky.mineed8eed8.js]
[www.capitalreturnsinc.com/wp-content/plugins/elementor-pro/assets/js/frontend.mineed8eed8.js]
[www.capitalreturnsinc.com/wp-content/plugins/gradient-button-for-elementor/assets/js/frontend.min19f619f6.js]
[www.capitalreturnsinc.com/wp-includes/js/jquery/ui/position.mine899e899.js]
[www.capitalreturnsinc.com/wp-content/plugins/elementor/assets/lib/dialog/dialog.minae9eae9e.js]
[www.capitalreturnsinc.com/wp-content/plugins/elementor/assets/lib/swiper/swiper.min48f548f5.js]
[www.capitalreturnsinc.com/wp-content/plugins/elementor/assets/lib/share-link/share-link.min7c537c53.js]
[www.capitalreturnsinc.com/wp-content/plugins/elementor/assets/js/frontend.min7c537c53.js]
[www.capitalreturnsinc.com/wp-content/plugins/wpforms-lite/assets/js/integrations/elementor/frontend.minf343f343.js]
[www.capitalreturnsinc.com/cdnjs.cloudflare.com/ajax/libs/gsap/1.20.2/TweenMax.min.js]
[www.capitalreturnsinc.com/wp-content/plugins/elementor-extras/assets/js/frontend.min5bf85bf8.js]
[www.capitalreturnsinc.com/wp-content/plugins/elementor-extras/assets/lib/parallax-gallery/parallax-gallery.min8a548a54.js]
[www.capitalreturnsinc.com/index.html]
[www.capitalreturnsinc.com/feed.html]
[www.capitalreturnsinc.com/comments/feed.html]
[www.capitalreturnsinc.com/wp-content/plugins/elementor-extras/assets/lib/hotips/hotips.minf488f488.js]
[www.capitalreturnsinc.com/wp-content/plugins/gtranslate/24.png]
[www.capitalreturnsinc.com/wp-content/plugins/gtranslate/24a.png]
[www.capitalreturnsinc.com/wp-content/plugins/gtranslate/alt_flags.png]
[www.capitalreturnsinc.com/wp-content/plugins/gtranslate/alt_flagsa.png]
[www.capitalreturnsinc.com/wp-content/plugins/gtranslate/gtranslate-style2456975697.css]
[www.capitalreturnsinc.com/wp-content/plugins/user-registration/assets/css/sweetalert2/sweetalert2.min782a782a.css]
[www.capitalreturnsinc.com/wp-content/plugins/user-registration/assets/images/wpspin_light-2x.gif]
[www.capitalreturnsinc.com/wp-content/plugins/user-registration/assets/css/user-registration5f005f00.css]
[www.capitalreturnsinc.com/wp-content/plugins/user-registration/assets/css/user-registration-smallscreen5f005f00.css]
[www.capitalreturnsinc.com/wp-content/plugins/user-registration/assets/css/my-account-layout5f005f00.css]
[www.capitalreturnsinc.com/wp-includes/fonts/dashicons7d4b7d4b.eot]
[www.capitalreturnsinc.com/wp-includes/fonts/dashicons7d4b7d4b.ttf]
[www.capitalreturnsinc.com/wp-includes/css/dashicons.min56975697.css]
[www.capitalreturnsinc.com/wp-includes/css/dist/block-library/style.min56975697.css]
[www.capitalreturnsinc.com/wp-includes/css/dist/block-library/theme.min56975697.css]
[www.capitalreturnsinc.com/wp-content/plugins/woocommerce/packages/woocommerce-blocks/build/vendors-style6b006b00.css]
[www.capitalreturnsinc.com/wp-content/plugins/woocommerce/packages/woocommerce-blocks/build/style6b006b00.css]
[www.capitalreturnsinc.com/wp-content/plugins/addon-elements-for-elementor-page-builder/assets/digit-sep-svg.svg]
[www.capitalreturnsinc.com/wp-content/plugins/addon-elements-for-elementor-page-builder/assets/css/eae.min56975697.css]
[www.capitalreturnsinc.com/wp-content/plugins/elementor/assets/lib/font-awesome/css/v4-shims.min56975697.css]
[www.capitalreturnsinc.com/wp-content/plugins/addon-elements-for-elementor-page-builder/assets/digits-svg-alpha.svg]
[www.capitalreturnsinc.com/wp-content/plugins/elementor/assets/lib/font-awesome/webfonts/fa-brands-400.eot]
[www.capitalreturnsinc.com/wp-content/plugins/elementor/assets/lib/font-awesome/webfonts/fa-brands-400d41dd41d.eot]
[www.capitalreturnsinc.com/wp-content/plugins/elementor/assets/lib/font-awesome/webfonts/fa-brands-400.woff2]
[www.capitalreturnsinc.com/wp-content/plugins/elementor/assets/lib/font-awesome/webfonts/fa-brands-400.woff]
[www.capitalreturnsinc.com/wp-content/plugins/elementor/assets/lib/font-awesome/webfonts/fa-brands-400.ttf]
[www.capitalreturnsinc.com/wp-content/plugins/elementor/assets/lib/font-awesome/webfonts/fa-brands-400.svg]
[www.capitalreturnsinc.com/wp-content/plugins/elementor/assets/lib/font-awesome/webfonts/fa-regular-400.eot]
[www.capitalreturnsinc.com/wp-content/plugins/elementor/assets/lib/font-awesome/webfonts/fa-regular-400d41dd41d.eot]
[www.capitalreturnsinc.com/wp-content/plugins/elementor/assets/lib/font-awesome/webfonts/fa-regular-400.woff2]
[www.capitalreturnsinc.com/wp-content/plugins/elementor/assets/lib/font-awesome/webfonts/fa-regular-400.woff]
[www.capitalreturnsinc.com/wp-content/plugins/elementor/assets/lib/font-awesome/webfonts/fa-regular-400.ttf]
[www.capitalreturnsinc.com/wp-content/plugins/elementor/assets/lib/font-awesome/webfonts/fa-regular-400.svg]
[www.capitalreturnsinc.com/wp-content/plugins/elementor/assets/lib/font-awesome/webfonts/fa-solid-900.eot]
[www.capitalreturnsinc.com/wp-content/plugins/elementor/assets/lib/font-awesome/webfonts/fa-solid-900d41dd41d.eot]
[www.capitalreturnsinc.com/wp-content/plugins/elementor/assets/lib/font-awesome/webfonts/fa-solid-900.woff2]
[www.capitalreturnsinc.com/wp-content/plugins/elementor/assets/lib/font-awesome/webfonts/fa-solid-900.woff]
[www.capitalreturnsinc.com/wp-content/plugins/elementor/assets/lib/font-awesome/webfonts/fa-solid-900.ttf]
[www.capitalreturnsinc.com/wp-content/plugins/elementor/assets/lib/font-awesome/css/all.min56975697.css]
[www.capitalreturnsinc.com/wp-content/plugins/addon-elements-for-elementor-page-builder/assets/lib/vegas/vegas.min56975697.css]
[www.capitalreturnsinc.com/wp-content/plugins/contact-form-7/images/ajax-loader.gif]
[www.capitalreturnsinc.com/wp-content/plugins/contact-form-7/includes/css/stylesbb49bb49.css]
[www.capitalreturnsinc.com/wp-content/plugins/elementor/assets/lib/font-awesome/webfonts/fa-solid-900.svg]
[www.capitalreturnsinc.com/wp-content/plugins/premium-cryptocurrency-widgets/assets/fonts/fontawesome/fa-solid-900.eot]
[www.capitalreturnsinc.com/wp-content/plugins/premium-cryptocurrency-widgets/assets/fonts/fontawesome/fa-solid-900d41dd41d.eot]
[www.capitalreturnsinc.com/wp-content/plugins/premium-cryptocurrency-widgets/assets/fonts/fontawesome/fa-solid-900.woff2]
[www.capitalreturnsinc.com/wp-content/plugins/premium-cryptocurrency-widgets/assets/fonts/fontawesome/fa-solid-900.woff]
[www.capitalreturnsinc.com/wp-content/plugins/premium-cryptocurrency-widgets/assets/fonts/fontawesome/fa-solid-900.ttf]
[www.capitalreturnsinc.com/wp-content/plugins/premium-cryptocurrency-widgets/assets/css/style18bb18bb.css]
[www.capitalreturnsinc.com/wp-content/plugins/premium-cryptocurrency-widgets/assets/fonts/fontawesome/fa-solid-900.svg]
[www.capitalreturnsinc.com/wp-content/plugins/revslider/public/assets/fonts/revicons/revicons90c690c6.eot]
[www.capitalreturnsinc.com/wp-content/plugins/revslider/public/assets/fonts/revicons/revicons90c690c6.woff]
[www.capitalreturnsinc.com/wp-content/plugins/revslider/public/assets/fonts/revicons/revicons90c690c6.ttf]
[www.capitalreturnsinc.com/wp-content/plugins/revslider/public/assets/fonts/revicons/revicons90c690c6.svg]
[www.capitalreturnsinc.com/wp-content/plugins/revslider/public/assets/css/openhand.cur]
[www.capitalreturnsinc.com/wp-content/plugins/revslider/public/assets/css/closedhand.cur]
[www.capitalreturnsinc.com/wp-content/plugins/revslider/public/assets/assets/gridtile.png]
[www.capitalreturnsinc.com/wp-content/plugins/revslider/public/assets/assets/gridtile_white.png]
[www.capitalreturnsinc.com/wp-content/plugins/revslider/public/assets/assets/gridtile_3x3.png]
[www.capitalreturnsinc.com/wp-content/plugins/revslider/public/assets/assets/gridtile_3x3_white.png]
[www.capitalreturnsinc.com/wp-content/plugins/revslider/public/assets/assets/coloredbg.png]
[www.capitalreturnsinc.com/wp-content/plugins/revslider/public/assets/assets/loader.gif]
[www.capitalreturnsinc.com/wp-content/plugins/revslider/public/assets/css/rs6f731f731.css]
[www.capitalreturnsinc.com/wp-content/themes/oceanwp/assets/fonts/fontawesome/webfonts/fa-brands-400.eot]
[www.capitalreturnsinc.com/wp-content/themes/oceanwp/assets/fonts/fontawesome/webfonts/fa-brands-400d41dd41d.eot]
[www.capitalreturnsinc.com/wp-content/themes/oceanwp/assets/fonts/fontawesome/webfonts/fa-brands-400.woff2]
[www.capitalreturnsinc.com/wp-content/themes/oceanwp/assets/fonts/fontawesome/webfonts/fa-brands-400.woff]
[www.capitalreturnsinc.com/wp-content/themes/oceanwp/assets/fonts/fontawesome/webfonts/fa-brands-400.ttf]
[www.capitalreturnsinc.com/wp-content/themes/oceanwp/assets/fonts/fontawesome/webfonts/fa-brands-400.svg]
[www.capitalreturnsinc.com/wp-content/themes/oceanwp/assets/fonts/fontawesome/webfonts/fa-regular-400.eot]
[www.capitalreturnsinc.com/wp-content/themes/oceanwp/assets/fonts/fontawesome/webfonts/fa-regular-400d41dd41d.eot]
[www.capitalreturnsinc.com/wp-content/themes/oceanwp/assets/fonts/fontawesome/webfonts/fa-regular-400.woff2]
[www.capitalreturnsinc.com/wp-content/themes/oceanwp/assets/fonts/fontawesome/webfonts/fa-regular-400.woff]
[www.capitalreturnsinc.com/wp-content/themes/oceanwp/assets/fonts/fontawesome/webfonts/fa-regular-400.ttf]
[www.capitalreturnsinc.com/wp-content/themes/oceanwp/assets/fonts/fontawesome/webfonts/fa-regular-400.svg]
[www.capitalreturnsinc.com/wp-content/themes/oceanwp/assets/fonts/fontawesome/webfonts/fa-solid-900.eot]
[www.capitalreturnsinc.com/wp-content/themes/oceanwp/assets/fonts/fontawesome/webfonts/fa-solid-900d41dd41d.eot]
[www.capitalreturnsinc.com/wp-content/themes/oceanwp/assets/fonts/fontawesome/webfonts/fa-solid-900.woff2]
[www.capitalreturnsinc.com/wp-content/themes/oceanwp/assets/fonts/fontawesome/webfonts/fa-solid-900.woff]
[www.capitalreturnsinc.com/wp-content/themes/oceanwp/assets/fonts/fontawesome/webfonts/fa-solid-900.ttf]
[www.capitalreturnsinc.com/wp-content/themes/oceanwp/assets/fonts/fontawesome/css/all.minaec5aec5.css]
[www.capitalreturnsinc.com/wp-content/themes/oceanwp/assets/fonts/fontawesome/webfonts/fa-solid-900.svg]
[www.capitalreturnsinc.com/wp-content/themes/oceanwp/assets/fonts/simple-line-icons/Simple-Line-Iconsb26cb26c.eot]
[www.capitalreturnsinc.com/wp-content/themes/oceanwp/assets/fonts/simple-line-icons/Simple-Line-Iconsb26cb26c.woff2]
[www.capitalreturnsinc.com/wp-content/themes/oceanwp/assets/fonts/simple-line-icons/Simple-Line-Iconsb26cb26c.ttf]
[www.capitalreturnsinc.com/wp-content/themes/oceanwp/assets/fonts/simple-line-icons/Simple-Line-Iconsb26cb26c.woff]
[www.capitalreturnsinc.com/wp-content/themes/oceanwp/assets/css/third/simple-line-icons.min8d5a8d5a.css]
[www.capitalreturnsinc.com/wp-content/themes/oceanwp/assets/css/third/magnific-popup.min8a548a54.css]
[www.capitalreturnsinc.com/wp-content/themes/oceanwp/assets/fonts/simple-line-icons/Simple-Line-Iconsb26cb26c.svg]
[www.capitalreturnsinc.com/wp-content/themes/oceanwp/assets/fonts/slick/slick.eot]
[www.capitalreturnsinc.com/wp-content/themes/oceanwp/assets/fonts/slick/slickd41dd41d.eot]
[www.capitalreturnsinc.com/wp-content/themes/oceanwp/assets/fonts/slick/slick.woff]
[www.capitalreturnsinc.com/wp-content/themes/oceanwp/assets/fonts/slick/slick.ttf]
[www.capitalreturnsinc.com/wp-content/themes/oceanwp/assets/css/third/slick.minaff7aff7.css]
[www.capitalreturnsinc.com/wp-content/themes/oceanwp/assets/fonts/slick/slick.svg]
[www.capitalreturnsinc.com/wp-content/themes/oceanwp/assets/css/style.min45114511.css]
[www.capitalreturnsinc.com/wp-content/themes/oceanwp/assets/css/woo/woo-mini-cart.min56975697.css]
[www.capitalreturnsinc.com/wp-content/themes/oceanwp/assets/css/woo/woocommerce.min56975697.css]
[www.capitalreturnsinc.com/wp-content/themes/oceanwp/assets/fonts/star/star.eot]
[www.capitalreturnsinc.com/wp-content/themes/oceanwp/assets/fonts/star/stard41dd41d.eot]
[www.capitalreturnsinc.com/wp-content/themes/oceanwp/assets/fonts/star/star.woff]
[www.capitalreturnsinc.com/wp-content/themes/oceanwp/assets/fonts/star/star.ttf]
[www.capitalreturnsinc.com/wp-content/themes/oceanwp/assets/fonts/star/star.svg]
[www.capitalreturnsinc.com/wp-content/themes/oceanwp/assets/css/woo/woo-star-font.min56975697.css]
[www.capitalreturnsinc.com/wp-content/themes/oceanwp/assets/css/woo/woo-quick-view.min56975697.css]
[www.capitalreturnsinc.com/wp-content/plugins/mycred/assets/css/mycred-front572f572f.css]
[www.capitalreturnsinc.com/wp-content/plugins/elementor/assets/lib/eicons/fonts/eiconsf884f884.eot]
[www.capitalreturnsinc.com/wp-content/plugins/elementor/assets/lib/eicons/fonts/eiconsf884f884.woff2]
[www.capitalreturnsinc.com/wp-content/plugins/elementor/assets/lib/eicons/fonts/eiconsf884f884.woff]
[www.capitalreturnsinc.com/wp-content/plugins/elementor/assets/lib/eicons/fonts/eiconsf884f884.ttf]
[www.capitalreturnsinc.com/wp-content/plugins/elementor/assets/lib/eicons/css/elementor-icons.min87e887e8.css]
[www.capitalreturnsinc.com/wp-content/plugins/elementor/assets/lib/animations/animations.min7c537c53.css]
[www.capitalreturnsinc.com/wp-content/plugins/elementor/assets/css/frontend.min7c537c53.css]
[www.capitalreturnsinc.com/wp-content/plugins/elementor-pro/assets/css/frontend.mineed8eed8.css]
[www.capitalreturnsinc.com/wp-content/plugins/elementor/assets/lib/eicons/fonts/eiconsf884f884.svg]
[www.capitalreturnsinc.com/wp-content/plugins/elementor-extras/assets/lib/nicons/fonts/nicons.eot]
[www.capitalreturnsinc.com/wp-content/plugins/elementor-extras/assets/lib/nicons/fonts/niconsd41dd41d.eot]
[www.capitalreturnsinc.com/wp-content/plugins/elementor-extras/assets/lib/nicons/fonts/nicons.woff2]
[www.capitalreturnsinc.com/wp-content/plugins/elementor-extras/assets/lib/nicons/fonts/nicons.woff]
[www.capitalreturnsinc.com/wp-content/plugins/elementor-extras/assets/lib/nicons/fonts/nicons.ttf]
[www.capitalreturnsinc.com/wp-content/plugins/elementor-extras/assets/lib/nicons/css/nicons5bf85bf8.css]
[www.capitalreturnsinc.com/wp-content/plugins/elementor-extras/assets/css/frontend.min5bf85bf8.css]
[www.capitalreturnsinc.com/wp-content/uploads/elementor/css/globald12ad12a.css]
[www.capitalreturnsinc.com/wp-content/plugins/elementor-extras/assets/lib/nicons/fonts/nicons.svg]
[www.capitalreturnsinc.com/wp-content/uploads/2020/10/section-bg.png]
[www.capitalreturnsinc.com/wp-content/uploads/2020/10/section-bg-1.png]
[www.capitalreturnsinc.com/wp-content/uploads/2020/10/26-sep-2.jpg]
[www.capitalreturnsinc.com/wp-content/uploads/elementor/css/post-839593959.css]
[www.capitalreturnsinc.com/wp-content/plugins/gradient-button-for-elementor/assets/css/frontend19f619f6.css]
[www.capitalreturnsinc.com/wp-content/plugins/ocean-extra/assets/img/instagram-logo.png]
[www.capitalreturnsinc.com/wp-content/plugins/ocean-extra/assets/img/flickr.png]
[www.capitalreturnsinc.com/wp-content/plugins/ocean-extra/assets/css/widgets56975697.css]
[www.capitalreturnsinc.com/wp-content/plugins/elementor/assets/lib/font-awesome/css/fontawesome.minb683b683.css]
[www.capitalreturnsinc.com/wp-content/plugins/elementor/assets/lib/font-awesome/css/solid.minb683b683.css]
[www.capitalreturnsinc.com/wp-content/plugins/elementor/assets/lib/font-awesome/css/brands.minb683b683.css]
[www.capitalreturnsinc.com/wp-json/index.html]
[www.capitalreturnsinc.com/xmlrpc0db00db0.html]
[www.google.com/images/errors/robot.png]
[www.capitalreturnsinc.com/translate.google.com/translate_a/element78767876.html]
[www.capitalreturnsinc.com/index-2.html]
[www.capitalreturnsinc.com/wp-content/plugins/cryptocurrency-price-ticker-widget/assets/coin-logos/bitcoin.svg]
[www.capitalreturnsinc.com/wp-content/plugins/cryptocurrency-price-ticker-widget/assets/coin-logos/ethereum.svg]
[www.capitalreturnsinc.com/wp-content/plugins/cryptocurrency-price-ticker-widget/assets/coin-logos/tether.svg]
[www.capitalreturnsinc.com/wp-content/plugins/cryptocurrency-price-ticker-widget/assets/coin-logos/cardano.svg]
[www.capitalreturnsinc.com/wp-content/plugins/cryptocurrency-price-ticker-widget/assets/coin-logos/ripple.svg]
[www.capitalreturnsinc.com/wp-content/plugins/cryptocurrency-price-ticker-widget/assets/css/bootstrap.min56975697.css]
[www.capitalreturnsinc.com/wp-content/plugins/cryptocurrency-price-ticker-widget/assets/font/ccpwicons105e105e.eot]
[www.capitalreturnsinc.com/wp-content/plugins/cryptocurrency-price-ticker-widget/assets/font/ccpwicons105e105e.woff2]
[www.capitalreturnsinc.com/wp-content/plugins/cryptocurrency-price-ticker-widget/assets/font/ccpwicons105e105e.woff]
[www.capitalreturnsinc.com/wp-content/plugins/cryptocurrency-price-ticker-widget/assets/font/ccpwicons105e105e.ttf]
[www.capitalreturnsinc.com/wp-content/plugins/cryptocurrency-price-ticker-widget/assets/css/ccpw-icons56975697.css]
[www.capitalreturnsinc.com/wp-content/plugins/cryptocurrency-price-ticker-widget/assets/css/ccpw-styles.css]
[www.capitalreturnsinc.com/wp-content/plugins/cryptocurrency-price-ticker-widget/assets/font/ccpwicons105e105e.svg]
[www.capitalreturnsinc.com/wp-content/plugins/premium-addons-for-elementor/assets/editor/fonts/pa-elements8adc8adc.eot]
[www.capitalreturnsinc.com/wp-content/plugins/premium-addons-for-elementor/assets/editor/fonts/pa-elements8adc8adc.ttf]
[www.capitalreturnsinc.com/wp-content/plugins/premium-addons-for-elementor/assets/editor/fonts/pa-elements8adc8adc.woff]
[www.capitalreturnsinc.com/wp-content/plugins/premium-addons-for-elementor/assets/frontend/min-css/premium-addons.mineeb3eeb3.css]
[www.capitalreturnsinc.com/wp-content/plugins/addon-elements-for-elementor-page-builder/assets/css/arrow-left.svg]
[www.capitalreturnsinc.com/wp-content/plugins/addon-elements-for-elementor-page-builder/assets/css/arrow-right.svg]
[www.capitalreturnsinc.com/wp-content/plugins/addon-elements-for-elementor-page-builder/assets/digit-sep-svg.svg]
[www.capitalreturnsinc.com/wp-content/plugins/addon-elements-for-elementor-page-builder/assets/digits-svg-alpha.svg]
[www.capitalreturnsinc.com/wp-content/plugins/elementor/assets/lib/font-awesome/webfonts/fa-brands-400.svg]
[www.capitalreturnsinc.com/wp-content/plugins/elementor/assets/lib/font-awesome/webfonts/fa-regular-400.svg]
[www.capitalreturnsinc.com/wp-content/plugins/premium-addons-for-elementor/assets/editor/fonts/pa-elements8adc8adc.svg]
[www.capitalreturnsinc.com/wp-content/plugins/elementor/assets/lib/font-awesome/webfonts/fa-solid-900.svg]
[www.capitalreturnsinc.com/wp-content/plugins/premium-cryptocurrency-widgets/assets/fonts/fontawesome/fa-solid-900.svg]
[www.capitalreturnsinc.com/wp-content/plugins/revslider/public/assets/fonts/revicons/revicons90c690c6.svg]
[www.capitalreturnsinc.com/wp-content/themes/oceanwp/assets/fonts/fontawesome/webfonts/fa-brands-400.svg]
[www.capitalreturnsinc.com/wp-content/themes/oceanwp/assets/fonts/fontawesome/webfonts/fa-regular-400.svg]
[www.capitalreturnsinc.com/wp-content/themes/oceanwp/assets/fonts/fontawesome/webfonts/fa-solid-900.svg]
[www.capitalreturnsinc.com/wp-content/themes/oceanwp/assets/fonts/simple-line-icons/Simple-Line-Iconsb26cb26c.svg]
[www.capitalreturnsinc.com/wp-content/themes/oceanwp/assets/fonts/slick/slick.svg]
[www.capitalreturnsinc.com/wp-content/themes/oceanwp/assets/fonts/star/star.svg]
[www.capitalreturnsinc.com/wp-content/plugins/elementor/assets/lib/eicons/fonts/eiconsf884f884.svg]
[www.capitalreturnsinc.com/wp-content/plugins/elementor-extras/assets/lib/nicons/fonts/nicons.svg]
[www.capitalreturnsinc.com/wp-content/plugins/cryptocurrency-price-ticker-widget/assets/font/ccpwicons105e105e.svg]
[www.capitalreturnsinc.com/wp-content/plugins/premium-addons-for-elementor/assets/editor/fonts/pa-elements8adc8adc.svg]
